// Jest Snapshot v1, https://goo.gl/fbAQLP

exports[`Quote page of the App Builds the snapchot of the Quote component safely 1`] = `
<p
  className="quote"
>
  mathematician is not about numbers, equations, computations,
  <br />
  or algorithms: it is about understanding -William paul Thurston
</p>
`;
